Archive member included to satisfy reference by file (symbol)

c:/program files (x86)/atmel/studio/7.0/toolchain/avr8/avr8-gnu-toolchain/bin/../lib/gcc/avr/5.4.0/../../../../avr/lib/avrxmega6\libm.a(addsf3.o)
                              NHD0420Driver.o (__subsf3)
c:/program files (x86)/atmel/studio/7.0/toolchain/avr8/avr8-gnu-toolchain/bin/../lib/gcc/avr/5.4.0/../../../../avr/lib/avrxmega6\libm.a(addsf3x.o)
                              c:/program files (x86)/atmel/studio/7.0/toolchain/avr8/avr8-gnu-toolchain/bin/../lib/gcc/avr/5.4.0/../../../../avr/lib/avrxmega6\libm.a(addsf3.o) (__addsf3x)
c:/program files (x86)/atmel/studio/7.0/toolchain/avr8/avr8-gnu-toolchain/bin/../lib/gcc/avr/5.4.0/../../../../avr/lib/avrxmega6\libm.a(cmpsf2.o)
                              NHD0420Driver.o (__eqsf2)
c:/program files (x86)/atmel/studio/7.0/toolchain/avr8/avr8-gnu-toolchain/bin/../lib/gcc/avr/5.4.0/../../../../avr/lib/avrxmega6\libm.a(divsf3.o)
                              NHD0420Driver.o (__divsf3)
c:/program files (x86)/atmel/studio/7.0/toolchain/avr8/avr8-gnu-toolchain/bin/../lib/gcc/avr/5.4.0/../../../../avr/lib/avrxmega6\libm.a(divsf3x.o)
                              c:/program files (x86)/atmel/studio/7.0/toolchain/avr8/avr8-gnu-toolchain/bin/../lib/gcc/avr/5.4.0/../../../../avr/lib/avrxmega6\libm.a(divsf3.o) (__divsf3x)
c:/program files (x86)/atmel/studio/7.0/toolchain/avr8/avr8-gnu-toolchain/bin/../lib/gcc/avr/5.4.0/../../../../avr/lib/avrxmega6\libm.a(fixsfsi.o)
                              NHD0420Driver.o (__fixsfsi)
c:/program files (x86)/atmel/studio/7.0/toolchain/avr8/avr8-gnu-toolchain/bin/../lib/gcc/avr/5.4.0/../../../../avr/lib/avrxmega6\libm.a(fixunssfsi.o)
                              c:/program files (x86)/atmel/studio/7.0/toolchain/avr8/avr8-gnu-toolchain/bin/../lib/gcc/avr/5.4.0/../../../../avr/lib/avrxmega6\libm.a(fixsfsi.o) (__fixunssfsi)
c:/program files (x86)/atmel/studio/7.0/toolchain/avr8/avr8-gnu-toolchain/bin/../lib/gcc/avr/5.4.0/../../../../avr/lib/avrxmega6\libm.a(floatsisf.o)
                              NHD0420Driver.o (__floatsisf)
c:/program files (x86)/atmel/studio/7.0/toolchain/avr8/avr8-gnu-toolchain/bin/../lib/gcc/avr/5.4.0/../../../../avr/lib/avrxmega6\libm.a(fp_cmp.o)
                              c:/program files (x86)/atmel/studio/7.0/toolchain/avr8/avr8-gnu-toolchain/bin/../lib/gcc/avr/5.4.0/../../../../avr/lib/avrxmega6\libm.a(cmpsf2.o) (__fp_cmp)
c:/program files (x86)/atmel/studio/7.0/toolchain/avr8/avr8-gnu-toolchain/bin/../lib/gcc/avr/5.4.0/../../../../avr/lib/avrxmega6\libm.a(fp_inf.o)
                              c:/program files (x86)/atmel/studio/7.0/toolchain/avr8/avr8-gnu-toolchain/bin/../lib/gcc/avr/5.4.0/../../../../avr/lib/avrxmega6\libm.a(addsf3x.o) (__fp_inf)
c:/program files (x86)/atmel/studio/7.0/toolchain/avr8/avr8-gnu-toolchain/bin/../lib/gcc/avr/5.4.0/../../../../avr/lib/avrxmega6\libm.a(fp_nan.o)
                              c:/program files (x86)/atmel/studio/7.0/toolchain/avr8/avr8-gnu-toolchain/bin/../lib/gcc/avr/5.4.0/../../../../avr/lib/avrxmega6\libm.a(addsf3x.o) (__fp_nan)
c:/program files (x86)/atmel/studio/7.0/toolchain/avr8/avr8-gnu-toolchain/bin/../lib/gcc/avr/5.4.0/../../../../avr/lib/avrxmega6\libm.a(fp_pscA.o)
                              c:/program files (x86)/atmel/studio/7.0/toolchain/avr8/avr8-gnu-toolchain/bin/../lib/gcc/avr/5.4.0/../../../../avr/lib/avrxmega6\libm.a(addsf3x.o) (__fp_pscA)
c:/program files (x86)/atmel/studio/7.0/toolchain/avr8/avr8-gnu-toolchain/bin/../lib/gcc/avr/5.4.0/../../../../avr/lib/avrxmega6\libm.a(fp_pscB.o)
                              c:/program files (x86)/atmel/studio/7.0/toolchain/avr8/avr8-gnu-toolchain/bin/../lib/gcc/avr/5.4.0/../../../../avr/lib/avrxmega6\libm.a(addsf3x.o) (__fp_pscB)
c:/program files (x86)/atmel/studio/7.0/toolchain/avr8/avr8-gnu-toolchain/bin/../lib/gcc/avr/5.4.0/../../../../avr/lib/avrxmega6\libm.a(fp_round.o)
                              c:/program files (x86)/atmel/studio/7.0/toolchain/avr8/avr8-gnu-toolchain/bin/../lib/gcc/avr/5.4.0/../../../../avr/lib/avrxmega6\libm.a(addsf3.o) (__fp_round)
c:/program files (x86)/atmel/studio/7.0/toolchain/avr8/avr8-gnu-toolchain/bin/../lib/gcc/avr/5.4.0/../../../../avr/lib/avrxmega6\libm.a(fp_split3.o)
                              c:/program files (x86)/atmel/studio/7.0/toolchain/avr8/avr8-gnu-toolchain/bin/../lib/gcc/avr/5.4.0/../../../../avr/lib/avrxmega6\libm.a(addsf3x.o) (__fp_split3)
c:/program files (x86)/atmel/studio/7.0/toolchain/avr8/avr8-gnu-toolchain/bin/../lib/gcc/avr/5.4.0/../../../../avr/lib/avrxmega6\libm.a(fp_zero.o)
                              c:/program files (x86)/atmel/studio/7.0/toolchain/avr8/avr8-gnu-toolchain/bin/../lib/gcc/avr/5.4.0/../../../../avr/lib/avrxmega6\libm.a(addsf3x.o) (__fp_zero)
c:/program files (x86)/atmel/studio/7.0/toolchain/avr8/avr8-gnu-toolchain/bin/../lib/gcc/avr/5.4.0/../../../../avr/lib/avrxmega6\libm.a(gesf2.o)
                              NHD0420Driver.o (__gesf2)
[...]
Memory Configuration

Name             Origin             Length             Attributes
text             0x00000000         0x00100000         xr
data             0x00802000         0x0000ffa0         rw !x
eeprom           0x00810000         0x00010000         rw !x
fuse             0x00820000         0x00000006         rw !x
lock             0x00830000         0x00000400         rw !x
signature        0x00840000         0x00000400         rw !x
user_signatures  0x00850000         0x00000400         rw !x
*default*        0x00000000         0xffffffff

Linker script and memory map

LOAD C:/Program Files (x86)/Atmel/Studio/7.0/Packs/atmel/XMEGAA_DFP/1.1.68/gcc/dev/atxmega128a3u/avrxmega6/crtatxmega128a3u.o
LOAD ButtonHandler.o
LOAD driver/clksys_driver.o
LOAD driver/pmic_driver.o
LOAD driver/port_driver.o
LOAD driver/TC_driver.o
LOAD errorHandler.o
LOAD FreeRTOS/croutine.o
LOAD FreeRTOS/event_groups.o
LOAD FreeRTOS/heap_1.o
LOAD FreeRTOS/list.o
LOAD FreeRTOS/port.o
LOAD FreeRTOS/queue.o
LOAD FreeRTOS/stream_buffer.o
LOAD FreeRTOS/tasks.o
LOAD FreeRTOS/timers.o
LOAD init.o
LOAD main.o
LOAD mem_check.o
LOAD NHD0420Driver.o
LOAD qamgen.o
LOAD utils.o
START GROUP
LOAD c:/program files (x86)/atmel/studio/7.0/toolchain/avr8/avr8-gnu-toolchain/bin/../lib/gcc/avr/5.4.0/../../../../avr/lib/avrxmega6\libm.a
END GROUP
START GROUP
LOAD c:/program files (x86)/atmel/studio/7.0/toolchain/avr8/avr8-gnu-toolchain/bin/../lib/gcc/avr/5.4.0/avrxmega6\libgcc.a
LOAD c:/program files (x86)/atmel/studio/7.0/toolchain/avr8/avr8-gnu-toolchain/bin/../lib/gcc/avr/5.4.0/../../../../avr/lib/avrxmega6\libm.a
LOAD c:/program files (x86)/atmel/studio/7.0/toolchain/avr8/avr8-gnu-toolchain/bin/../lib/gcc/avr/5.4.0/../../../../avr/lib/avrxmega6\libc.a
LOAD C:/Program Files (x86)/Atmel/Studio/7.0/Packs/atmel/XMEGAA_DFP/1.1.68/gcc/dev/atxmega128a3u/avrxmega6\libatxmega128a3u.a
END GROUP
                0x00100000                __TEXT_REGION_LENGTH__ = DEFINED (__TEXT_REGION_LENGTH__)?__TEXT_REGION_LENGTH__:0x100000
                0x0000ffa0                __DATA_REGION_LENGTH__ = DEFINED (__DATA_REGION_LENGTH__)?__DATA_REGION_LENGTH__:0xffa0
                0x00010000                __EEPROM_REGION_LENGTH__ = DEFINED (__EEPROM_REGION_LENGTH__)?__EEPROM_REGION_LENGTH__:0x10000
                [0x00000006]                __FUSE_REGION_LENGTH__ = DEFINED (__FUSE_REGION_LENGTH__)?__FUSE_REGION_LENGTH__:0x400
                0x00000400                __LOCK_REGION_LENGTH__ = DEFINED (__LOCK_REGION_LENGTH__)?__LOCK_REGION_LENGTH__:0x400
                0x00000400                __SIGNATURE_REGION_LENGTH__ = DEFINED (__SIGNATURE_REGION_LENGTH__)?__SIGNATURE_REGION_LENGTH__:0x400
                0x00000400                __USER_SIGNATURE_REGION_LENGTH__ = DEFINED (__USER_SIGNATURE_REGION_LENGTH__)?__USER_SIGNATURE_REGION_LENGTH__:0x400

.hash
 *(.hash)

.dynsym
 *(.dynsym)

.dynstr
 *(.dynstr)

.gnu.version
 *(.gnu.version)

.gnu.version_d
 *(.gnu.version_d)

.gnu.version_r
 *(.gnu.version_r)

.rel.init
 *(.rel.init)

.rela.init
 *(.rela.init)

.rel.text
 *(.rel.text)
 *(.rel.text.*)
 *(.rel.gnu.linkonce.t*)

.rela.text
 *(.rela.text)
 *(.rela.text.*)
 *(.rela.gnu.linkonce.t*)

.rel.fini
 *(.rel.fini)

.rela.fini
 *(.rela.fini)

.rel.rodata
 *(.rel.rodata)
 *(.rel.rodata.*)
 *(.rel.gnu.linkonce.r*)

.rela.rodata
 *(.rela.rodata)
 *(.rela.rodata.*)
 *(.rela.gnu.linkonce.r*)

.rel.data
 *(.rel.data)
 *(.rel.data.*)
 *(.rel.gnu.linkonce.d*)

.rela.data
 *(.rela.data)
 *(.rela.data.*)
 *(.rela.gnu.linkonce.d*)

.rel.ctors
 *(.rel.ctors)

.rela.ctors
 *(.rela.ctors)

.rel.dtors
 *(.rel.dtors)

.rela.dtors
 *(.rela.dtors)

.rel.got
 *(.rel.got)

.rela.got
 *(.rela.got)

.rel.bss
 *(.rel.bss)

.rela.bss
 *(.rela.bss)

.rel.plt
 *(.rel.plt)

.rela.plt
 *(.rela.plt)

.text           0x00000000     0x6b10
 *(.vectors)
 .vectors       0x00000000      0x1fc C:/Program Files (x86)/Atmel/Studio/7.0/Packs/atmel/XMEGAA_DFP/1.1.68/gcc/dev/atxmega128a3u/avrxmega6/crtatxmega128a3u.o
                0x00000000                __vector_default
                0x00000000                __vectors
 *(.vectors)
 *(.progmem.gcc*)
 .progmem.gcc_sw_table.prvProcessReceivedCommands
                0x000001fc       0x14 FreeRTOS/timers.o
                0x00000210                . = ALIGN (0x2)
                0x00000210                __trampolines_start = .
 *(.trampolines)
 .trampolines   0x00000210       0x30 linker stubs
 *(.trampolines*)
                0x00000240                __trampolines_end = .
 *libprintf_flt.a:*(.progmem.data)
 *libc.a:*(.progmem.data)
 *(.progmem*)
                0x00000240                . = ALIGN (0x2)
 *(.jumptables)
 *(.jumptables*)
 *(.lowtext)
 *(.lowtext*)
                0x00000240                __ctors_start = .
 *(.ctors)
                0x00000240                __ctors_end = .
                0x00000240                __dtors_start = .
 *(.dtors)
                0x00000240                __dtors_end = .
 SORT(*)(.ctors)
 SORT(*)(.dtors)
 *(.init0)
 .init0         0x00000240        0x0 C:/Program Files (x86)/Atmel/Studio/7.0/Packs/atmel/XMEGAA_DFP/1.1.68/gcc/dev/atxmega128a3u/avrxmega6/crtatxmega128a3u.o
                0x00000240                __init
 *(.init0)
 *(.init1)
 *(.init1)
 *(.init2)
 .init2         0x00000240       0x10 C:/Program Files (x86)/Atmel/Studio/7.0/Packs/atmel/XMEGAA_DFP/1.1.68/gcc/dev/atxmega128a3u/avrxmega6/crtatxmega128a3u.o
 *(.init2)
 *(.init3)
 .init3         0x00000250       0x12 mem_check.o
                0x00000250                init_mem
 *(.init3)
 *(.init4)
 .init4         0x00000262       0x1a c:/program files (x86)/atmel/studio/7.0/toolchain/avr8/avr8-gnu-toolchain/bin/../lib/gcc/avr/5.4.0/avrxmega6\libgcc.a(_copy_data.o)
                0x00000262                __do_copy_data
 .init4         0x0000027c       0x10 c:/program files (x86)/atmel/studio/7.0/toolchain/avr8/avr8-gnu-toolchain/bin/../lib/gcc/avr/5.4.0/avrxmega6\libgcc.a(_clear_bss.o)
                0x0000027c                __do_clear_bss
 *(.init4)
 *(.init5)
 *(.init5)
 *(.init6)
 *(.init6)
 *(.init7)
 *(.init7)
 *(.init8)
 *(.init8)
 *(.init9)
 .init9         0x0000028c        0x8 C:/Program Files (x86)/Atmel/Studio/7.0/Packs/atmel/XMEGAA_DFP/1.1.68/gcc/dev/atxmega128a3u/avrxmega6/crtatxmega128a3u.o
 *(.init9)
 *(.text)
 .text          0x00000294        0x4 C:/Program Files (x86)/Atmel/Studio/7.0/Packs/atmel/XMEGAA_DFP/1.1.68/gcc/dev/atxmega128a3u/avrxmega6/crtatxmega128a3u.o
                0x00000294                __vector_38
                0x00000294                __vector_104
                0x00000294                __vector_22
                0x00000294                __vector_63
                0x00000294                __vector_28
                0x00000294                __vector_67
                0x00000294                __vector_1
                0x00000294                __vector_119
                0x00000294                __vector_32
                0x00000294                __vector_75
                0x00000294                __vector_71
                0x00000294                __vector_91
                0x00000294                __vector_34
                0x00000294                __vector_62
                0x00000294                __vector_77
                0x00000294                __vector_102
                0x00000294                __vector_24
                0x00000294                __vector_12
                0x00000294                __vector_55
                0x00000294                __vector_69
                0x00000294                __vector_81
                0x00000294                __vector_90
                0x00000294                __vector_46
                0x00000294                __bad_interrupt
                0x00000294                __vector_122
                0x00000294                __vector_72
                0x00000294                __vector_114
                0x00000294                __vector_110
                0x00000294                __vector_31
                0x00000294                __vector_92
                0x00000294                __vector_35
                0x00000294                __vector_78
                0x00000294                __vector_74
                0x00000294                __vector_117
                0x00000294                __vector_39
                0x00000294                __vector_107
                0x00000294                __vector_3
                0x00000294                __vector_105
                0x00000294                __vector_98
                0x00000294                __vector_23
                0x00000294                __vector_68
                0x00000294                __vector_30
                0x00000294                __vector_73
                0x00000294                __vector_45
                0x00000294                __vector_25
                0x00000294                __vector_93
                0x00000294                __vector_61
                0x00000294                __vector_11
                0x00000294                __vector_54
                0x00000294                __vector_99
                0x00000294                __vector_13
                0x00000294                __vector_17
                0x00000294                __vector_19
                0x00000294                __vector_56
                0x00000294                __vector_125
                0x00000294                __vector_49
                0x00000294                __vector_123
                0x00000294                __vector_41
                0x00000294                __vector_86
                0x00000294                __vector_100
                0x00000294                __vector_101
                0x00000294                __vector_64
                0x00000294                __vector_88
                0x00000294                __vector_109
                0x00000294                __vector_43
                0x00000294                __vector_27
                0x00000294                __vector_5
                0x00000294                __vector_113
                0x00000294                __vector_33
                0x00000294                __vector_76
                0x00000294                __vector_115
                0x00000294                __vector_47
                0x00000294                __vector_52
                0x00000294                __vector_37
                0x00000294                __vector_95
                0x00000294                __vector_103
                0x00000294                __vector_96
                0x00000294                __vector_89
                0x00000294                __vector_4
                0x00000294                __vector_44
                0x00000294                __vector_82
                0x00000294                __vector_106
                0x00000294                __vector_118
                0x00000294                __vector_51
                0x00000294                __vector_2
                0x00000294                __vector_21
                0x00000294                __vector_15
                0x00000294                __vector_66
                0x00000294                __vector_36
                0x00000294                __vector_79
                0x00000294                __vector_58
                0x00000294                __vector_70
                0x00000294                __vector_83
                0x00000294                __vector_29
                0x00000294                __vector_60
                0x00000294                __vector_121
                0x00000294                __vector_40
                0x00000294                __vector_85
                0x00000294                __vector_94
                0x00000294                __vector_126
                0x00000294                __vector_26
                0x00000294                __vector_48
                0x00000294                __vector_124
                0x00000294                __vector_116
                0x00000294                __vector_112
                0x00000294                __vector_111
                0x00000294                __vector_80
                0x00000294                __vector_84
                0x00000294                __vector_57
                0x00000294                __vector_53
                0x00000294                __vector_10
                0x00000294                __vector_50
                0x00000294                __vector_16
                0x00000294                __vector_59
                0x00000294                __vector_18
                0x00000294                __vector_97
                0x00000294                __vector_20
                0x00000294                __vector_42
                0x00000294                __vector_87
                0x00000294                __vector_65
                0x00000294                __vector_120
                0x00000298                . = ALIGN (0x2)
 *(.text.*)
 .text.initButtons
                0x00000298       0x38 ButtonHandler.o
                0x00000298                initButtons
 .text.updateButtons
                0x000002d0      0x1e4 ButtonHandler.o
                0x000002d0                updateButtons
 .text.getButtonPress
                0x000004b4       0x52 ButtonHandler.o
                0x000004b4                getButtonPress
 .text.CCPWrite
                0x00000506       0x58 driver/clksys_driver.o
                0x00000506                CCPWrite
 .text.CLKSYS_XOSC_Config
                0x0000055e       0x3a driver/clksys_driver.o
                0x0000055e                CLKSYS_XOSC_Config
 .text.CLKSYS_PLL_Config
                0x00000598       0x30 driver/clksys_driver.o
                0x00000598                CLKSYS_PLL_Config
 .text.CLKSYS_Disable
                0x000005c8       0x40 driver/clksys_driver.o
                0x000005c8                CLKSYS_Disable
 .text.CLKSYS_Prescalers_Config
                0x00000608       0x2e driver/clksys_driver.o
                0x00000608                CLKSYS_Prescalers_Config
 .text.CLKSYS_Main_ClockSource_Select
                0x00000636       0x44 driver/clksys_driver.o
                0x00000636                CLKSYS_Main_ClockSource_Select
 .text.TC0_ConfigClockSource
                0x0000067a       0x38 driver/TC_driver.o
                0x0000067a                TC0_ConfigClockSource
 .text.TC0_ConfigWGM
                0x000006b2       0x38 driver/TC_driver.o
                0x000006b2                TC0_ConfigWGM
 .text.TC0_SetOverflowIntLevel
                0x000006ea       0x38 driver/TC_driver.o
                0x000006ea                TC0_SetOverflowIntLevel
 .text.vApplicationStackOverflowHook
                0x00000722       0x28 errorHandler.o
                0x00000722                vApplicationStackOverflowHook
 .text.error    0x0000074a       0x46 errorHandler.o
                0x0000074a                error
 .text.software_reset
                0x00000790       0x26 errorHandler.o
                0x00000790                software_reset
 .text.xEventGroupCreate
                0x000007b6       0x46 FreeRTOS/event_groups.o
                0x000007b6                xEventGroupCreate
 .text.xEventGroupWaitBits
                0x000007fc      0x270 FreeRTOS/event_groups.o
                0x000007fc                xEventGroupWaitBits
 .text.xEventGroupClearBits
                0x00000a6c       0x96 FreeRTOS/event_groups.o
                0x00000a6c                xEventGroupClearBits
 .text.xEventGroupGetBitsFromISR
                0x00000b02       0x58 FreeRTOS/event_groups.o
                0x00000b02                xEventGroupGetBitsFromISR
 .text.xEventGroupSetBits
                0x00000b5a      0x210 FreeRTOS/event_groups.o
                0x00000b5a                xEventGroupSetBits
 .text.vEventGroupSetBitsCallback
                0x00000d6a       0x3c FreeRTOS/event_groups.o
                0x00000d6a                vEventGroupSetBitsCallback
 .text.prvTestWaitCondition
                0x00000da6       0x8e FreeRTOS/event_groups.o
 .text.xEventGroupSetBitsFromISR
                0x00000e34       0x54 FreeRTOS/event_groups.o
                0x00000e34                xEventGroupSetBitsFromISR
 .text.pvPortMalloc
                0x00000e88       0x88 FreeRTOS/heap_1.o
                0x00000e88                pvPortMalloc
 .text.vPortFree
                0x00000f10       0x1c FreeRTOS/heap_1.o
                0x00000f10                vPortFree
 .text.vListInitialise
                0x00000f2c       0x74 FreeRTOS/list.o
                0x00000f2c                vListInitialise
 .text.vListInitialiseItem
                0x00000fa0       0x26 FreeRTOS/list.o
                0x00000fa0                vListInitialiseItem
 .text.vListInsertEnd
                0x00000fc6       0x96 FreeRTOS/list.o
                0x00000fc6                vListInsertEnd
 .text.vListInsert
                0x0000105c      0x102 FreeRTOS/list.o
                0x0000105c                vListInsert
 .text.uxListRemove
                0x0000115e       0xac FreeRTOS/list.o
                0x0000115e                uxListRemove
 .text._portSetInterruptMaskFromIsr
                0x0000120a       0x2e FreeRTOS/port.o
                0x0000120a                _portSetInterruptMaskFromIsr
 .text.pxPortInitialiseStack
                0x00001238      0x3b2 FreeRTOS/port.o
                0x00001238                pxPortInitialiseStack
 .text.xPortStartScheduler
                0x000015ea       0x70 FreeRTOS/port.o
                0x000015ea                xPortStartScheduler
 .text.vPortYield
                0x0000165a       0xc4 FreeRTOS/port.o
                0x0000165a                vPortYield
 .text.portTaskSwitchContext
                0x0000171e       0x6a FreeRTOS/port.o
                0x0000171e                portTaskSwitchContext
 .text.portTaskIncrementTick
                0x00001788       0x26 FreeRTOS/port.o
 .text.__vector_14
                0x000017ae       0xca FreeRTOS/port.o
                0x000017ae                __vector_14
 .text.prvSetupTimerInterrupt
                0x00001878       0x82 FreeRTOS/port.o
 .text.xQueueGenericReset
                0x000018fa      0x12c FreeRTOS/queue.o
                0x000018fa                xQueueGenericReset
 .text.xQueueGenericCreate
                0x00001a26       0x8c FreeRTOS/queue.o
                0x00001a26                xQueueGenericCreate
 .text.prvInitialiseNewQueue
                0x00001ab2       0x7e FreeRTOS/queue.o
 .text.xQueueGenericSend
                0x00001b30      0x184 FreeRTOS/queue.o
                0x00001b30                xQueueGenericSend
 .text.xQueueGenericSendFromISR
                0x00001cb4       0xc0 FreeRTOS/queue.o
                0x00001cb4                xQueueGenericSendFromISR
 .text.xQueueReceive
                0x00001d74      0x180 FreeRTOS/queue.o
                0x00001d74                xQueueReceive
 .text.uxQueueMessagesWaiting
                0x00001ef4       0x38 FreeRTOS/queue.o
                0x00001ef4                uxQueueMessagesWaiting
 .text.prvCopyDataToQueue
                0x00001f2c      0x16a FreeRTOS/queue.o
 .text.prvCopyDataFromQueue
                0x00002096       0xa0 FreeRTOS/queue.o
 .text.prvUnlockQueue
                0x00002136       0xca FreeRTOS/queue.o
 .text.prvIsQueueEmpty
                0x00002200       0x42 FreeRTOS/queue.o
 .text.prvIsQueueFull
                0x00002242       0x4a FreeRTOS/queue.o
 .text.vQueueWaitForMessageRestricted
                0x0000228c       0x9c FreeRTOS/queue.o
                0x0000228c                vQueueWaitForMessageRestricted
 .text.xTaskCreate
                0x00002328       0xee FreeRTOS/tasks.o
                0x00002328                xTaskCreate
 .text.prvInitialiseNewTask
                0x00002416      0x1ac FreeRTOS/tasks.o
 .text.prvAddNewTaskToReadyList
                0x000025c2      0x10c FreeRTOS/tasks.o
 .text.vTaskDelay
                0x000026ce       0x5c FreeRTOS/tasks.o
                0x000026ce                vTaskDelay
 .text.vTaskStartScheduler
                0x0000272a       0x98 FreeRTOS/tasks.o
                0x0000272a                vTaskStartScheduler
 .text.vTaskSuspendAll
                0x000027c2       0x1a FreeRTOS/tasks.o
                0x000027c2                vTaskSuspendAll
 .text.xTaskResumeAll
                0x000027dc      0x12e FreeRTOS/tasks.o
                0x000027dc                xTaskResumeAll
 .text.xTaskGetTickCount
                0x0000290a       0x4e FreeRTOS/tasks.o
                0x0000290a                xTaskGetTickCount
 .text.xTaskIncrementTick
                0x00002958      0x220 FreeRTOS/tasks.o
                0x00002958                xTaskIncrementTick
 .text.vTaskSwitchContext
                0x00002b78      0x1a0 FreeRTOS/tasks.o
                0x00002b78                vTaskSwitchContext
 .text.vTaskPlaceOnEventList
                0x00002d18       0x50 FreeRTOS/tasks.o
                0x00002d18                vTaskPlaceOnEventList
 .text.vTaskPlaceOnUnorderedEventList
                0x00002d68       0x7e FreeRTOS/tasks.o
                0x00002d68                vTaskPlaceOnUnorderedEventList
 .text.vTaskPlaceOnEventListRestricted
                0x00002de6       0x68 FreeRTOS/tasks.o
                0x00002de6                vTaskPlaceOnEventListRestricted
 .text.xTaskRemoveFromEventList
                0x00002e4e       0xd0 FreeRTOS/tasks.o
                0x00002e4e                xTaskRemoveFromEventList
 .text.vTaskRemoveFromUnorderedEventList
                0x00002f1e       0xc6 FreeRTOS/tasks.o
                0x00002f1e                vTaskRemoveFromUnorderedEventList
 .text.vTaskInternalSetTimeOutState
                0x00002fe4       0x46 FreeRTOS/tasks.o
                0x00002fe4                vTaskInternalSetTimeOutState
 .text.xTaskCheckForTimeOut
                0x0000302a      0x150 FreeRTOS/tasks.o
                0x0000302a                xTaskCheckForTimeOut
 .text.vTaskMissedYield
                0x0000317a       0x16 FreeRTOS/tasks.o
                0x0000317a                vTaskMissedYield
 .text.prvIdleTask
                0x00003190       0x26 FreeRTOS/tasks.o
 .text.prvInitialiseTaskLists
                0x000031b6       0x76 FreeRTOS/tasks.o
 .text.prvCheckTasksWaitingTermination
                0x0000322c       0x10 FreeRTOS/tasks.o
 .text.prvResetNextTaskUnblockTime
                0x0000323c       0x76 FreeRTOS/tasks.o
 .text.xTaskGetSchedulerState
                0x000032b2       0x32 FreeRTOS/tasks.o
                0x000032b2                xTaskGetSchedulerState
 .text.uxTaskResetEventItemValue
                0x000032e4       0x8c FreeRTOS/tasks.o
                0x000032e4                uxTaskResetEventItemValue
 .text.xTaskNotifyWait
                0x00003370      0x16c FreeRTOS/tasks.o
                0x00003370                xTaskNotifyWait
 .text.xTaskGenericNotify
                0x000034dc      0x1b8 FreeRTOS/tasks.o
                0x000034dc                xTaskGenericNotify
 .text.prvAddCurrentTaskToDelayedList
                0x00003694      0x142 FreeRTOS/tasks.o
 .text.xTimerCreateTimerTask
                0x000037d6       0x56 FreeRTOS/timers.o
                0x000037d6                xTimerCreateTimerTask
 .text.xTimerGenericCommand
                0x0000382c       0xe6 FreeRTOS/timers.o
                0x0000382c                xTimerGenericCommand
 .text.prvProcessExpiredTimer
                0x00003912       0xf0 FreeRTOS/timers.o
 .text.prvTimerTask
                0x00003a02       0x40 FreeRTOS/timers.o
 .text.prvProcessTimerOrBlockTask
                0x00003a42       0xf6 FreeRTOS/timers.o
 .text.prvGetNextExpireTime
                0x00003b38       0x7c FreeRTOS/timers.o
 .text.prvSampleTimeNow
                0x00003bb4       0x8a FreeRTOS/timers.o
 .text.prvInsertTimerInActiveList
                0x00003c3e      0x132 FreeRTOS/timers.o
 .text.prvProcessReceivedCommands
                0x00003d70      0x214 FreeRTOS/timers.o
 .text.prvSwitchTimerLists
                0x00003f84      0x174 FreeRTOS/timers.o
 .text.prvCheckForValidListAndQueue
                0x000040f8       0x68 FreeRTOS/timers.o
 .text.xTimerPendFunctionCallFromISR
                0x00004160       0x76 FreeRTOS/timers.o
                0x00004160                xTimerPendFunctionCallFromISR
 .text.vInitClock
                0x000041d6       0xbc init.o
                0x000041d6                vInitClock
 .text.vApplicationIdleHook
                0x00004292       0x10 main.o
                0x00004292                vApplicationIdleHook
 .text.main     0x000042a2       0xc6 main.o
                0x000042a2                main
 .text.vSteuertask
                0x00004368      0x312 main.o
                0x00004368                vSteuertask
 .text.vButtonTask
                0x0000467a       0xba main.o
                0x0000467a                vButtonTask
 .text.__vector_108
                0x00004734       0x94 NHD0420Driver.o
                0x00004734                __vector_108
 .text.delayUS  0x000047c8      0x112 NHD0420Driver.o
                0x000047c8                delayUS
 .text.setPort  0x000048da       0x4e NHD0420Driver.o
                0x000048da                setPort
 .text.setRS    0x00004928       0x32 NHD0420Driver.o
                0x00004928                setRS
 .text.setRW    0x0000495a       0x32 NHD0420Driver.o
                0x0000495a                setRW
 .text.setE     0x0000498c       0x32 NHD0420Driver.o
                0x0000498c                setE
 .text.Nybble   0x000049be       0x28 NHD0420Driver.o
                0x000049be                Nybble
 .text.command  0x000049e6       0x3c NHD0420Driver.o
                0x000049e6                command
 .text.write    0x00004a22       0x3c NHD0420Driver.o
                0x00004a22                write
 .text.vInitDisplay
                0x00004a5e       0xbe NHD0420Driver.o
                0x00004a5e                vInitDisplay
 .text._displaySetPos
                0x00004b1c       0x78 NHD0420Driver.o
                0x00004b1c                _displaySetPos
 .text._displayWriteChar
                0x00004b94       0x28 NHD0420Driver.o
                0x00004b94                _displayWriteChar
 .text._displayWriteString
                0x00004bbc       0x62 NHD0420Driver.o
                0x00004bbc                _displayWriteString
 .text._displayWriteStringAtPos
                0x00004c1e       0x3c NHD0420Driver.o
                0x00004c1e                _displayWriteStringAtPos
 .text.vDisplayUpdateTask
                0x00004c5a      0x29a NHD0420Driver.o
                0x00004c5a                vDisplayUpdateTask
 .text.vDisplayClear
                0x00004ef4       0x24 NHD0420Driver.o
                0x00004ef4                vDisplayClear
 .text.vDisplayWriteStringAtPos
                0x00004f18       0x34 NHD0420Driver.o
                0x00004f18                vDisplayWriteStringAtPos
 .text.display_vprintf
                0x00004f4c      0x4c4 NHD0420Driver.o
 .text.normalize
                0x00005410       0xda NHD0420Driver.o
 .text.ftoa_fixed
                0x000054ea      0x29e NHD0420Driver.o
 .text.ftoa_sci
                0x00005788      0x242 NHD0420Driver.o
 .text.initDAC  0x000059ca       0x5c qamgen.o
                0x000059ca                initDAC
 .text.initGenDMA
                0x00005a26      0x2de qamgen.o
                0x00005a26                initGenDMA
 .text.initDACTimer
                0x00005d04       0x3c qamgen.o
                0x00005d04                initDACTimer
 .text.vQuamGen
                0x00005d40       0x7c qamgen.o
                0x00005d40                vQuamGen
 .text.fillBuffer
                0x00005dbc      0x1c0 qamgen.o
                0x00005dbc                fillBuffer
 .text.fillBuffer_1
                0x00005f7c       0xc4 qamgen.o
                0x00005f7c                fillBuffer_1
 .text.__vector_6
                0x00006040       0x7c qamgen.o
                0x00006040                __vector_6
 .text.__vector_7
                0x000060bc       0x7c qamgen.o
                0x000060bc                __vector_7
 .text.__vector_8
                0x00006138       0x7c qamgen.o
                0x00006138                __vector_8
 .text.__vector_9
                0x000061b4       0x84 qamgen.o
                0x000061b4                __vector_9
 .text.vsendCommand
                0x00006238       0x46 qamgen.o
                0x00006238                vsendCommand
 .text.vsendFrame
                0x0000627e      0x2aa qamgen.o
                0x0000627e                vsendFrame
 .text.getResetReason
                0x00006528       0xa6 utils.o
                0x00006528                getResetReason
 .text.avr-libc.fplib
                0x000065ce        0xe c:/program files (x86)/atmel/studio/7.0/toolchain/avr8/avr8-gnu-toolchain/bin/../lib/gcc/avr/5.4.0/../../../../avr/lib/avrxmega6\libm.a(addsf3.o)
                0x000065ce                __subsf3
                0x000065d0                __addsf3
 .text.avr-libc.fplib
                0x000065dc       0xcc c:/program files (x86)/atmel/studio/7.0/toolchain/avr8/avr8-gnu-toolchain/bin/../lib/gcc/avr/5.4.0/../../../../avr/lib/avrxmega6\libm.a(addsf3x.o)
                0x000065fe                __addsf3x
 .text.avr-libc.fplib
                0x000066a8        0xa c:/program files (x86)/atmel/studio/7.0/toolchain/avr8/avr8-gnu-toolchain/bin/../lib/gcc/avr/5.4.0/../../../../avr/lib/avrxmega6\libm.a(cmpsf2.o)
                0x000066a8                __nesf2
                0x000066a8                __eqsf2
                0x000066a8                __cmpsf2
                0x000066a8                __ltsf2
                0x000066a8                __lesf2
 .text.avr-libc.fplib
                0x000066b2        0x8 c:/program files (x86)/atmel/studio/7.0/toolchain/avr8/avr8-gnu-toolchain/bin/../lib/gcc/avr/5.4.0/../../../../avr/lib/avrxmega6\libm.a(divsf3.o)
                0x000066b2                __divsf3
 .text.avr-libc.fplib
                0x000066ba       0xdc c:/program files (x86)/atmel/studio/7.0/toolchain/avr8/avr8-gnu-toolchain/bin/../lib/gcc/avr/5.4.0/../../../../avr/lib/avrxmega6\libm.a(divsf3x.o)
                0x000066da                __divsf3x
                0x000066e0                __divsf3_pse
 .text.avr-libc.fplib
                0x00006796        0xe c:/program files (x86)/atmel/studio/7.0/toolchain/avr8/avr8-gnu-toolchain/bin/../lib/gcc/avr/5.4.0/../../../../avr/lib/avrxmega6\libm.a(fixsfsi.o)
                0x00006796                __fixsfsi
 .text.avr-libc.fplib
                0x000067a4       0x5e c:/program files (x86)/atmel/studio/7.0/toolchain/avr8/avr8-gnu-toolchain/bin/../lib/gcc/avr/5.4.0/../../../../avr/lib/avrxmega6\libm.a(fixunssfsi.o)
                0x000067a4                __fixunssfsi
 .text.avr-libc.fplib
                0x00006802       0x7a c:/program files (x86)/atmel/studio/7.0/toolchain/avr8/avr8-gnu-toolchain/bin/../lib/gcc/avr/5.4.0/../../../../avr/lib/avrxmega6\libm.a(floatsisf.o)
                0x00006802                __floatunsisf
                0x00006806                __floatsisf
 .text.avr-libc.fplib
                0x0000687c       0x48 c:/program files (x86)/atmel/studio/7.0/toolchain/avr8/avr8-gnu-toolchain/bin/../lib/gcc/avr/5.4.0/../../../../avr/lib/avrxmega6\libm.a(fp_cmp.o)
                0x0000687c                __fp_cmp
 .text.avr-libc.fplib
                0x000068c4        0xc c:/program files (x86)/atmel/studio/7.0/toolchain/avr8/avr8-gnu-toolchain/bin/../lib/gcc/avr/5.4.0/../../../../avr/lib/avrxmega6\libm.a(fp_inf.o)
                0x000068c4                __fp_inf
 .text.avr-libc.fplib
                0x000068d0        0x6 c:/program files (x86)/atmel/studio/7.0/toolchain/avr8/avr8-gnu-toolchain/bin/../lib/gcc/avr/5.4.0/../../../../avr/lib/avrxmega6\libm.a(fp_nan.o)
                0x000068d0                __fp_nan
 .text.avr-libc.fplib
                0x000068d6        0xe c:/program files (x86)/atmel/studio/7.0/toolchain/avr8/avr8-gnu-toolchain/bin/../lib/gcc/avr/5.4.0/../../../../avr/lib/avrxmega6\libm.a(fp_pscA.o)
                0x000068d6                __fp_pscA
 .text.avr-libc.fplib
                0x000068e4        0xe c:/program files (x86)/atmel/studio/7.0/toolchain/avr8/avr8-gnu-toolchain/bin/../lib/gcc/avr/5.4.0/../../../../avr/lib/avrxmega6\libm.a(fp_pscB.o)
                0x000068e4                __fp_pscB
 .text.avr-libc.fplib
                0x000068f2       0x22 c:/program files (x86)/atmel/studio/7.0/toolchain/avr8/avr8-gnu-toolchain/bin/../lib/gcc/avr/5.4.0/../../../../avr/lib/avrxmega6\libm.a(fp_round.o)
                0x000068f2                __fp_round
 .text.avr-libc.fplib
                0x00006914       0x44 c:/program files (x86)/atmel/studio/7.0/toolchain/avr8/avr8-gnu-toolchain/bin/../lib/gcc/avr/5.4.0/../../../../avr/lib/avrxmega6\libm.a(fp_split3.o)
                0x00006914                __fp_split3
                0x00006924                __fp_splitA
 .text.avr-libc.fplib
                0x00006958        0xe c:/program files (x86)/atmel/studio/7.0/toolchain/avr8/avr8-gnu-toolchain/bin/../lib/gcc/avr/5.4.0/../../../../avr/lib/avrxmega6\libm.a(fp_zero.o)
                0x00006958                __fp_zero
                0x0000695a                __fp_szero
 .text.avr-libc.fplib
                0x00006966        0xa c:/program files (x86)/atmel/studio/7.0/toolchain/avr8/avr8-gnu-toolchain/bin/../lib/gcc/avr/5.4.0/../../../../avr/lib/avrxmega6\libm.a(gesf2.o)
                0x00006966                __gesf2
                0x00006966                __gtsf2
 .text.avr-libc.fplib
                0x00006970        0x8 c:/program files (x86)/atmel/studio/7.0/toolchain/avr8/avr8-gnu-toolchain/bin/../lib/gcc/avr/5.4.0/../../../../avr/lib/avrxmega6\libm.a(mulsf3.o)
                0x00006970                __mulsf3
 .text.avr-libc.fplib
                0x00006978       0xd2 c:/program files (x86)/atmel/studio/7.0/toolchain/avr8/avr8-gnu-toolchain/bin/../lib/gcc/avr/5.4.0/../../../../avr/lib/avrxmega6\libm.a(mulsf3x.o)
                0x00006996                __mulsf3x
                0x0000699c                __mulsf3_pse
 .text.libgcc   0x00006a4a       0x10 c:/program files (x86)/atmel/studio/7.0/toolchain/avr8/avr8-gnu-toolchain/bin/../lib/gcc/avr/5.4.0/avrxmega6\libgcc.a(_tablejump2.o)
                0x00006a4a                __tablejump2__
 .text.avr-libc
                0x00006a5a       0x12 c:/program files (x86)/atmel/studio/7.0/toolchain/avr8/avr8-gnu-toolchain/bin/../lib/gcc/avr/5.4.0/../../../../avr/lib/avrxmega6\libc.a(memcpy.o)
                0x00006a5a                memcpy
 .text.avr-libc
                0x00006a6c        0xe c:/program files (x86)/atmel/studio/7.0/toolchain/avr8/avr8-gnu-toolchain/bin/../lib/gcc/avr/5.4.0/../../../../avr/lib/avrxmega6\libc.a(memset.o)
                0x00006a6c                memset
 .text.avr-libc
                0x00006a7a       0x12 c:/program files (x86)/atmel/studio/7.0/toolchain/avr8/avr8-gnu-toolchain/bin/../lib/gcc/avr/5.4.0/../../../../avr/lib/avrxmega6\libc.a(strlen.o)
                0x00006a7a                strlen
 .text.avr-libc
                0x00006a8c       0x16 c:/program files (x86)/atmel/studio/7.0/toolchain/avr8/avr8-gnu-toolchain/bin/../lib/gcc/avr/5.4.0/../../../../avr/lib/avrxmega6\libc.a(itoa.o)
                0x00006a8c                __itoa
                0x00006a8c                itoa
 .text.avr-libc
                0x00006aa2       0x16 c:/program files (x86)/atmel/studio/7.0/toolchain/avr8/avr8-gnu-toolchain/bin/../lib/gcc/avr/5.4.0/../../../../avr/lib/avrxmega6\libc.a(itoa_ncheck.o)
                0x00006aa2                __itoa_ncheck
 .text.avr-libc
                0x00006ab8       0x34 c:/program files (x86)/atmel/studio/7.0/toolchain/avr8/avr8-gnu-toolchain/bin/../lib/gcc/avr/5.4.0/../../../../avr/lib/avrxmega6\libc.a(utoa_ncheck.o)
                0x00006ab8                __utoa_ncheck
                0x00006aba                __utoa_common
 .text.avr-libc
                0x00006aec       0x20 c:/program files (x86)/atmel/studio/7.0/toolchain/avr8/avr8-gnu-toolchain/bin/../lib/gcc/avr/5.4.0/../../../../avr/lib/avrxmega6\libc.a(strrev.o)
                0x00006aec                strrev
                0x00006b0c                . = ALIGN (0x2)
 *(.fini9)
 .fini9         0x00006b0c        0x0 c:/program files (x86)/atmel/studio/7.0/toolchain/avr8/avr8-gnu-toolchain/bin/../lib/gcc/avr/5.4.0/avrxmega6\libgcc.a(_exit.o)
                0x00006b0c                _exit
                0x00006b0c                exit
 *(.fini9)
 *(.fini8)
 *(.fini8)
 *(.fini7)
 *(.fini7)
 *(.fini6)
 *(.fini6)
 *(.fini5)
 *(.fini5)
 *(.fini4)
 *(.fini4)
 *(.fini3)
 *(.fini3)
 *(.fini2)
 *(.fini2)
 *(.fini1)
 *(.fini1)
 *(.fini0)
 .fini0         0x00006b0c        0x4 c:/program files (x86)/atmel/studio/7.0/toolchain/avr8/avr8-gnu-toolchain/bin/../lib/gcc/avr/5.4.0/avrxmega6\libgcc.a(_exit.o)
 *(.fini0)
                0x00006b10                _etext = .

.data           0x00802000      0x202 load address 0x00006b10
                0x00802000                PROVIDE (__data_start, .)
 *(.data)
 *(.data*)
 *(.gnu.linkonce.d*)
 *(.rodata)
 .rodata        0x00802000        0x5 FreeRTOS/tasks.o
 .rodata        0x00802005        0x8 FreeRTOS/timers.o
 .rodata        0x0080200d       0xa5 main.o
 .rodata        0x008020b2        0xb NHD0420Driver.o
 *(.rodata*)
 .rodata.width.5062
                0x008020bd        0x2 NHD0420Driver.o
 .rodata.width.5079
                0x008020bf        0x2 NHD0420Driver.o
 .rodata.sinLookup1k0_25V
                0x008020c1       0x40 qamgen.o
                0x008020c1                sinLookup1k0_25V
 .rodata.sinLookup1k0_5V
                0x00802101       0x40 qamgen.o
                0x00802101                sinLookup1k0_5V
 .rodata.sinLookup1k0_75V
                0x00802141       0x40 qamgen.o
                0x00802141                sinLookup1k0_75V
 .rodata.sinLookup1k1V
                0x00802181       0x40 qamgen.o
                0x00802181                sinLookup1k1V
 .rodata.sinLookup2000
                0x008021c1       0x40 qamgen.o
                0x008021c1                sinLookup2000
 *(.gnu.linkonce.r*)
                0x00802202                . = ALIGN (0x2)
 *fill*         0x00802201        0x1 
                0x00802202                _edata = .
                0x00802202                PROVIDE (__data_end, .)

.bss            0x00802202      0xd91
                0x00802202                PROVIDE (__bss_start, .)
 *(.bss)
 *(.bss*)
 .bss.b1Count.3829
                0x00802202        0x2 ButtonHandler.o
 .bss.b2Count.3830
                0x00802204        0x2 ButtonHandler.o
 .bss.b3Count.3831
                0x00802206        0x2 ButtonHandler.o
 .bss.b4Count.3832
                0x00802208        0x2 ButtonHandler.o
 .bss.xHeap     0x0080220a      0xbb8 FreeRTOS/heap_1.o
 .bss.xNextFreeByte
                0x00802dc2        0x2 FreeRTOS/heap_1.o
 .bss.pxCurrentTCB
                0x00802dc4        0x2 FreeRTOS/tasks.o
                0x00802dc4                pxCurrentTCB
 .bss.pxReadyTasksLists
                0x00802dc6       0x2c FreeRTOS/tasks.o
 .bss.xDelayedTaskList1
                0x00802df2        0xb FreeRTOS/tasks.o
 .bss.xDelayedTaskList2
                0x00802dfd        0xb FreeRTOS/tasks.o
 .bss.pxDelayedTaskList
                0x00802e08        0x2 FreeRTOS/tasks.o
 .bss.pxOverflowDelayedTaskList
                0x00802e0a        0x2 FreeRTOS/tasks.o
 .bss.xPendingReadyList
                0x00802e0c        0xb FreeRTOS/tasks.o
 .bss.xSuspendedTaskList
                0x00802e17        0xb FreeRTOS/tasks.o
 .bss.uxCurrentNumberOfTasks
                0x00802e22        0x1 FreeRTOS/tasks.o
 .bss.xTickCount
                0x00802e23        0x4 FreeRTOS/tasks.o
 .bss.uxTopReadyPriority
                0x00802e27        0x1 FreeRTOS/tasks.o
 .bss.xSchedulerRunning
                0x00802e28        0x1 FreeRTOS/tasks.o
 .bss.uxPendedTicks
                0x00802e29        0x1 FreeRTOS/tasks.o
 .bss.xYieldPending
                0x00802e2a        0x1 FreeRTOS/tasks.o
 .bss.xNumOfOverflows
                0x00802e2b        0x1 FreeRTOS/tasks.o
 .bss.uxTaskNumber
                0x00802e2c        0x1 FreeRTOS/tasks.o
 .bss.xNextTaskUnblockTime
                0x00802e2d        0x4 FreeRTOS/tasks.o
 .bss.xIdleTaskHandle
                0x00802e31        0x2 FreeRTOS/tasks.o
 .bss.uxSchedulerSuspended
                0x00802e33        0x1 FreeRTOS/tasks.o
 .bss.xActiveTimerList1
                0x00802e34        0xb FreeRTOS/timers.o
 .bss.xActiveTimerList2
                0x00802e3f        0xb FreeRTOS/timers.o
 .bss.pxCurrentTimerList
                0x00802e4a        0x2 FreeRTOS/timers.o
 .bss.pxOverflowTimerList
                0x00802e4c        0x2 FreeRTOS/timers.o
 .bss.xTimerQueue
                0x00802e4e        0x2 FreeRTOS/timers.o
 .bss.xTimerTaskHandle
                0x00802e50        0x2 FreeRTOS/timers.o
 .bss.xLastTime.4745
                0x00802e52        0x4 FreeRTOS/timers.o
 .bss.buffer.4995
                0x00802e56       0x14 NHD0420Driver.o
 .bss.str.4996  0x00802e6a       0x14 NHD0420Driver.o
 .bss.dacBuffer0
                0x00802e7e       0x40 qamgen.o
 .bss.dacBuffer1
                0x00802ebe       0x40 qamgen.o
 .bss.dacBuffer2
                0x00802efe       0x40 qamgen.o
 .bss.dacBuffer3
                0x00802f3e       0x40 qamgen.o
 *(COMMON)
 COMMON         0x00802f7e        0x4 ButtonHandler.o
                0x00802f7e                b1Status
                0x00802f7f                b2Status
                0x00802f80                b3Status
                0x00802f81                b4Status
 COMMON         0x00802f82        0x1 FreeRTOS/port.o
                0x00802f82                intTaskSwitchPending
 COMMON         0x00802f83        0x4 main.o
                0x00802f83                xButtonTaskHandle
                0x00802f85                xSteuertask
 COMMON         0x00802f87        0x4 NHD0420Driver.o
                0x00802f87                displayLineQueue
                0x00802f89                egDisplayTiming
 COMMON         0x00802f8b        0x8 qamgen.o
                0x00802f8b                xQAMchannel_1
                0x00802f8d                xQAMchannel_2
                0x00802f8f                xQueue_Data
                0x00802f91                xsendFrame
                0x00802f93                PROVIDE (__bss_end, .)
                0x00006b10                __data_load_start = LOADADDR (.data)
                0x00006d12                __data_load_end = (__data_load_start + SIZEOF (.data))

.noinit         0x00802f93        0x0
                [!provide]                PROVIDE (__noinit_start, .)
 *(.noinit*)
                [!provide]                PROVIDE (__noinit_end, .)
                0x00802f93                _end = .
                0x00802f93                PROVIDE (__heap_start, .)

.eeprom         0x00810000        0x0
 *(.eeprom*)
                0x00810000                __eeprom_end = .

.fuse
 *(.fuse)
 *(.lfuse)
 *(.hfuse)
 *(.efuse)

.lock
 *(.lock*)

.signature
 *(.signature*)

.user_signatures
 *(.user_signatures*)

.stab
 *(.stab)

.stabstr
 *(.stabstr)

.stab.excl
 *(.stab.excl)

.stab.exclstr
 *(.stab.exclstr)

.stab.index
 *(.stab.index)

.stab.indexstr
 *(.stab.indexstr)

.comment        0x00000000       0x30
 *(.comment)
 .comment       0x00000000       0x30 ButtonHandler.o
                                 0x31 (size before relaxing)
 .comment       0x00000030       0x31 driver/clksys_driver.o
 .comment       0x00000030       0x31 driver/TC_driver.o
 .comment       0x00000030       0x31 errorHandler.o
 .comment       0x00000030       0x31 FreeRTOS/event_groups.o
 .comment       0x00000030       0x31 FreeRTOS/heap_1.o
 .comment       0x00000030       0x31 FreeRTOS/list.o
 .comment       0x00000030       0x31 FreeRTOS/port.o
 .comment       0x00000030       0x31 FreeRTOS/queue.o
 .comment       0x00000030       0x31 FreeRTOS/tasks.o
 .comment       0x00000030       0x31 FreeRTOS/timers.o
 .comment       0x00000030       0x31 init.o
 .comment       0x00000030       0x31 main.o
 .comment       0x00000030       0x31 mem_check.o
 .comment       0x00000030       0x31 NHD0420Driver.o
 .comment       0x00000030       0x31 qamgen.o
 .comment       0x00000030       0x31 utils.o

.note.gnu.avr.deviceinfo
                0x00000000       0x40
 .note.gnu.avr.deviceinfo
                0x00000000       0x40 C:/Program Files (x86)/Atmel/Studio/7.0/Packs/atmel/XMEGAA_DFP/1.1.68/gcc/dev/atxmega128a3u/avrxmega6/crtatxmega128a3u.o

.note.gnu.build-id
 *(.note.gnu.build-id)

.debug
 *(.debug)

.line
 *(.line)

.debug_srcinfo
 *(.debug_srcinfo)

.debug_sfnames
 *(.debug_sfnames)

.debug_aranges  0x00000000      0x878
 *(.debug_aranges)
 .debug_aranges
                0x00000000       0x30 ButtonHandler.o
 .debug_aranges
                0x00000030       0x68 driver/clksys_driver.o
 .debug_aranges
                0x00000098       0xc8 driver/TC_driver.o
 .debug_aranges
                0x00000160       0x40 errorHandler.o
 .debug_aranges
                0x000001a0       0x88 FreeRTOS/event_groups.o
 .debug_aranges
                0x00000228       0x38 FreeRTOS/heap_1.o
 .debug_aranges
                0x00000260       0x40 FreeRTOS/list.o
 .debug_aranges
                0x000002a0       0x60 FreeRTOS/port.o
 .debug_aranges
                0x00000300      0x108 FreeRTOS/queue.o
 .debug_aranges
                0x00000408      0x1b0 FreeRTOS/tasks.o
 .debug_aranges
                0x000005b8       0xd8 FreeRTOS/timers.o
 .debug_aranges
                0x00000690       0x20 init.o
 .debug_aranges
                0x000006b0       0x38 main.o
 .debug_aranges
                0x000006e8       0x28 mem_check.o
 .debug_aranges
                0x00000710       0xd0 NHD0420Driver.o
 .debug_aranges
                0x000007e0       0x78 qamgen.o
 .debug_aranges
                0x00000858       0x20 utils.o

.debug_pubnames
 *(.debug_pubnames)

.debug_info     0x00000000     0xcc3d
 *(.debug_info .gnu.linkonce.wi.*)
 .debug_info    0x00000000     0x3409 C:/Program Files (x86)/Atmel/Studio/7.0/Packs/atmel/XMEGAA_DFP/1.1.68/gcc/dev/atxmega128a3u/avrxmega6/crtatxmega128a3u.o
 .debug_info    0x00003409      0x35c ButtonHandler.o
 .debug_info    0x00003765      0x5f4 driver/clksys_driver.o
 .debug_info    0x00003d59     0x12d3 driver/TC_driver.o
 .debug_info    0x0000502c      0x1c7 errorHandler.o
 .debug_info    0x000051f3      0x8ae FreeRTOS/event_groups.o
 .debug_info    0x00005aa1      0x16c FreeRTOS/heap_1.o
 .debug_info    0x00005c0d      0x2b5 FreeRTOS/list.o
 .debug_info    0x00005ec2      0x9ef FreeRTOS/port.o
 .debug_info    0x000068b1      0xfc1 FreeRTOS/queue.o
 .debug_info    0x00007872     0x1770 FreeRTOS/tasks.o
 .debug_info    0x00008fe2      0xbb3 FreeRTOS/timers.o
 .debug_info    0x00009b95      0x243 init.o
 .debug_info    0x00009dd8      0x278 main.o
 .debug_info    0x0000a050       0xd2 mem_check.o
 .debug_info    0x0000a122     0x1070 NHD0420Driver.o
 .debug_info    0x0000b192     0x1992 qamgen.o
 .debug_info    0x0000cb24      0x119 utils.o

.debug_abbrev   0x00000000     0x48f1
 *(.debug_abbrev)
 .debug_abbrev  0x00000000     0x3148 C:/Program Files (x86)/Atmel/Studio/7.0/Packs/atmel/XMEGAA_DFP/1.1.68/gcc/dev/atxmega128a3u/avrxmega6/crtatxmega128a3u.o
 .debug_abbrev  0x00003148      0x111 ButtonHandler.o
 .debug_abbrev  0x00003259      0x159 driver/clksys_driver.o
 .debug_abbrev  0x000033b2      0x15a driver/TC_driver.o
 .debug_abbrev  0x0000350c      0x117 errorHandler.o
 .debug_abbrev  0x00003623      0x185 FreeRTOS/event_groups.o
 .debug_abbrev  0x000037a8      0x10a FreeRTOS/heap_1.o
 .debug_abbrev  0x000038b2       0xc7 FreeRTOS/list.o
 .debug_abbrev  0x00003979      0x1f7 FreeRTOS/port.o
 .debug_abbrev  0x00003b70      0x20a FreeRTOS/queue.o
 .debug_abbrev  0x00003d7a      0x26d FreeRTOS/tasks.o
 .debug_abbrev  0x00003fe7      0x1ce FreeRTOS/timers.o
 .debug_abbrev  0x000041b5       0x9d init.o
 .debug_abbrev  0x00004252       0xf8 main.o
 .debug_abbrev  0x0000434a       0x98 mem_check.o
 .debug_abbrev  0x000043e2      0x265 NHD0420Driver.o
 .debug_abbrev  0x00004647      0x1fc qamgen.o
 .debug_abbrev  0x00004843       0xae utils.o

.debug_line     0x00000000     0x601a
 *(.debug_line .debug_line.* .debug_line_end)
 .debug_line    0x00000000      0x39d C:/Program Files (x86)/Atmel/Studio/7.0/Packs/atmel/XMEGAA_DFP/1.1.68/gcc/dev/atxmega128a3u/avrxmega6/crtatxmega128a3u.o
 .debug_line    0x0000039d      0x271 ButtonHandler.o
 .debug_line    0x0000060e      0x2c4 driver/clksys_driver.o
 .debug_line    0x000008d2      0x398 driver/TC_driver.o
 .debug_line    0x00000c6a      0x1d5 errorHandler.o
 .debug_line    0x00000e3f      0x5a0 FreeRTOS/event_groups.o
 .debug_line    0x000013df      0x148 FreeRTOS/heap_1.o
 .debug_line    0x00001527      0x200 FreeRTOS/list.o
 .debug_line    0x00001727      0x4c5 FreeRTOS/port.o
 .debug_line    0x00001bec      0xe21 FreeRTOS/queue.o
 .debug_line    0x00002a0d     0x1566 FreeRTOS/tasks.o
 .debug_line    0x00003f73      0x6dc FreeRTOS/timers.o
 .debug_line    0x0000464f      0x162 init.o
 .debug_line    0x000047b1      0x3b9 main.o
 .debug_line    0x00004b6a       0x8a mem_check.o
 .debug_line    0x00004bf4      0xb3e NHD0420Driver.o
 .debug_line    0x00005732      0x77a qamgen.o
 .debug_line    0x00005eac      0x16e utils.o

.debug_frame    0x00000000     0x2178
 *(.debug_frame)
 .debug_frame   0x00000000       0x74 ButtonHandler.o
 .debug_frame   0x00000074      0x15c driver/clksys_driver.o
 .debug_frame   0x000001d0      0x2d4 driver/TC_driver.o
 .debug_frame   0x000004a4       0xb4 errorHandler.o
 .debug_frame   0x00000558      0x234 FreeRTOS/event_groups.o
 .debug_frame   0x0000078c       0x94 FreeRTOS/heap_1.o
 .debug_frame   0x00000820       0xb4 FreeRTOS/list.o
 .debug_frame   0x000008d4      0x124 FreeRTOS/port.o
 .debug_frame   0x000009f8      0x3f4 FreeRTOS/queue.o
 .debug_frame   0x00000dec      0x788 FreeRTOS/tasks.o
 .debug_frame   0x00001574      0x438 FreeRTOS/timers.o
 .debug_frame   0x000019ac       0x34 init.o
 .debug_frame   0x000019e0       0xd0 main.o
 .debug_frame   0x00001ab0       0x44 mem_check.o
 .debug_frame   0x00001af4      0x394 NHD0420Driver.o
 .debug_frame   0x00001e88      0x2bc qamgen.o
 .debug_frame   0x00002144       0x34 utils.o

.debug_str      0x00000000     0x71e8
 *(.debug_str)
 .debug_str     0x00000000     0x223b C:/Program Files (x86)/Atmel/Studio/7.0/Packs/atmel/XMEGAA_DFP/1.1.68/gcc/dev/atxmega128a3u/avrxmega6/crtatxmega128a3u.o
 .debug_str     0x0000223b      0x324 ButtonHandler.o
                                0x358 (size before relaxing)
 .debug_str     0x0000255f      0x63a driver/clksys_driver.o
                                0x7d4 (size before relaxing)
 .debug_str     0x00002b99      0xb1a driver/TC_driver.o
                                0xcd1 (size before relaxing)
 .debug_str     0x000036b3       0xaa errorHandler.o
                                0x25d (size before relaxing)
 .debug_str     0x0000375d      0x453 FreeRTOS/event_groups.o
                                0x674 (size before relaxing)
 .debug_str     0x00003bb0       0xa1 FreeRTOS/heap_1.o
                                0x213 (size before relaxing)
 .debug_str     0x00003c51       0xa0 FreeRTOS/list.o
                                0x2c8 (size before relaxing)
 .debug_str     0x00003cf1      0x156 FreeRTOS/port.o
                                0x817 (size before relaxing)
 .debug_str     0x00003e47      0x471 FreeRTOS/queue.o
                                0x809 (size before relaxing)
 .debug_str     0x000042b8      0xa94 FreeRTOS/tasks.o
                                0xf17 (size before relaxing)
 .debug_str     0x00004d4c      0x508 FreeRTOS/timers.o
                                0x7d5 (size before relaxing)
 .debug_str     0x00005254       0x17 init.o
                                0x4ad (size before relaxing)
 .debug_str     0x0000526b      0x138 main.o
                                0x3a7 (size before relaxing)
 .debug_str     0x000053a3       0x49 mem_check.o
                                0x1bd (size before relaxing)
 .debug_str     0x000053ec      0x213 NHD0420Driver.o
                                0x9ad (size before relaxing)
 .debug_str     0x000055ff     0x1bc1 qamgen.o
                               0x238b (size before relaxing)
 .debug_str     0x000071c0       0x28 utils.o
                                0x247 (size before relaxing)

.debug_loc      0x00000000     0x470b
 *(.debug_loc)
 .debug_loc     0x00000000       0xbe ButtonHandler.o
 .debug_loc     0x000000be      0x2c3 driver/clksys_driver.o
 .debug_loc     0x00000381      0x630 driver/TC_driver.o
 .debug_loc     0x000009b1      0x14e errorHandler.o
 .debug_loc     0x00000aff      0x4c4 FreeRTOS/event_groups.o
 .debug_loc     0x00000fc3      0x106 FreeRTOS/heap_1.o
 .debug_loc     0x000010c9      0x167 FreeRTOS/list.o
 .debug_loc     0x00001230      0x1ea FreeRTOS/port.o
 .debug_loc     0x0000141a      0x89f FreeRTOS/queue.o
 .debug_loc     0x00001cb9     0x10ac FreeRTOS/tasks.o
 .debug_loc     0x00002d65      0x964 FreeRTOS/timers.o
 .debug_loc     0x000036c9       0x3b init.o
 .debug_loc     0x00003704      0x1a1 main.o
 .debug_loc     0x000038a5       0x48 mem_check.o
 .debug_loc     0x000038ed      0x7c7 NHD0420Driver.o
 .debug_loc     0x000040b4      0x60f qamgen.o
 .debug_loc     0x000046c3       0x48 utils.o

.debug_macinfo
 *(.debug_macinfo)

.debug_weaknames
 *(.debug_weaknames)

.debug_funcnames
 *(.debug_funcnames)

.debug_typenames
 *(.debug_typenames)

.debug_varnames
 *(.debug_varnames)

.debug_pubtypes
 *(.debug_pubtypes)

.debug_ranges   0x00000000      0x780
 *(.debug_ranges)
 .debug_ranges  0x00000000       0x20 ButtonHandler.o
 .debug_ranges  0x00000020       0x58 driver/clksys_driver.o
 .debug_ranges  0x00000078       0xb8 driver/TC_driver.o
 .debug_ranges  0x00000130       0x30 errorHandler.o
 .debug_ranges  0x00000160       0x78 FreeRTOS/event_groups.o
 .debug_ranges  0x000001d8       0x28 FreeRTOS/heap_1.o
 .debug_ranges  0x00000200       0x30 FreeRTOS/list.o
 .debug_ranges  0x00000230       0x50 FreeRTOS/port.o
 .debug_ranges  0x00000280       0xf8 FreeRTOS/queue.o
 .debug_ranges  0x00000378      0x1a0 FreeRTOS/tasks.o
 .debug_ranges  0x00000518       0xc8 FreeRTOS/timers.o
 .debug_ranges  0x000005e0       0x10 init.o
 .debug_ranges  0x000005f0       0x28 main.o
 .debug_ranges  0x00000618       0x18 mem_check.o
 .debug_ranges  0x00000630       0xd8 NHD0420Driver.o
 .debug_ranges  0x00000708       0x68 qamgen.o
 .debug_ranges  0x00000770       0x10 utils.o

.debug_macro
 *(.debug_macro)
OUTPUT(QAMGen.elf elf32-avr)
LOAD linker stubs
